[38;2;203;166;247m════════════════════════════════════════════════════════════════════════════════
                                     [0m[38;2;203;166;247mTitle[0m                                      
[38;2;203;166;247m────────────────────────────────────────────────────────────────────────────────
                                 [0m[38;2;108;112;134mSubtitle here[0m