════════════════════════════════════════════════════════════════════════════════
                                     [0mTitle[0m                                      
────────────────────────────────────────────────────────────────────────────────
                                      [0mSub[0m