[38;2;0;180;216m════════════════════════════════════════════════════════════════════════════════
                                     [0m[38;2;0;180;216mTitle[0m                                      
[38;2;0;180;216m────────────────────────────────────────────────────────────────────────────────
                                 [0m[38;2;128;128;128mSubtitle here[0m