[38;2;136;192;218m════════════════════════════════════════════════════════════════════════════════
                                     [0m[38;2;136;192;218mTitle[0m                                      
[38;2;136;192;218m────────────────────────────────────────────────────────────────────────────────