[38;2;255;87;51m████████████████████████████████████████████████████████████████████████████████
                                     [0m[38;2;255;87;51mTitle[0m                                      
[38;2;255;87;51m════════════════════════════════════════════════════════════════════════════════