╭─────────────┬────────────┬────────────╮
│[36m[1m   Service   [0m│[36m[1m   Status   [0m│[36m[1m   Uptime   [0m│
├─────────────┼────────────┼────────────┤
│   api       │   OK       │   12d      │
│   db        │   OK       │   30d      │
│[37m   cache     [0m│[33m   WARN     [0m│[37m   2h       [0m│
╰─────────────┴────────────┴────────────╯
