╭─────────────┬────────────┬────────────╮
│[0m[38;2;0;170;170m   Service   [0m│[0m[38;2;0;170;170m   Status   [0m│[0m[38;2;0;170;170m   Uptime   [0m│
├─────────────┼────────────┼────────────┤
│   api       │   OK       │   12d      │
│   db        │   OK       │   30d      │
│[0m[38;2;170;170;170m   cache     [0m│[0m[38;2;170;85;0m   WARN     [0m│[0m[38;2;170;170;170m   2h       [0m│
╰─────────────┴────────────┴────────────╯